\BOOKMARK [0][-]{chapter*.2}{\376\377\000A\000b\000s\000t\000r\000a\000c\000t}{}% 1
\BOOKMARK [0][-]{chapter*.4}{\376\377\000D\000e\000d\000i\000c\000a\000t\000i\000o\000n\000\040\000a\000n\000d\000\040\000a\000c\000k\000n\000o\000w\000l\000e\000d\000g\000e\000m\000e\000n\000t\000s}{}% 2
\BOOKMARK [0][-]{chapter*.5}{\376\377\000L\000i\000s\000t\000\040\000o\000f\000\040\000T\000a\000b\000l\000e\000s}{}% 3
\BOOKMARK [0][-]{chapter*.6}{\376\377\000L\000i\000s\000t\000\040\000o\000f\000\040\000F\000i\000g\000u\000r\000e\000s}{}% 4
\BOOKMARK [0][-]{chapter*.7}{\376\377\000T\000a\000b\000l\000e\000\040\000o\000f\000\040\000C\000o\000n\000t\000e\000n\000t\000s}{}% 5
\BOOKMARK [0][-]{chapter.1}{\376\377\000I\000n\000t\000r\000o\000d\000u\000c\000t\000i\000o\000n}{}% 6
\BOOKMARK [1][-]{section.1.1}{\376\377\000R\000e\000l\000e\000v\000a\000n\000c\000e\000,\000\040\000P\000r\000o\000b\000l\000e\000m\000\040\000S\000t\000a\000t\000e\000m\000e\000n\000t\000,\000\040\000a\000n\000d\000\040\000R\000e\000s\000e\000a\000r\000c\000h\000\040\000G\000a\000p}{chapter.1}% 7
\BOOKMARK [1][-]{section.1.2}{\376\377\000A\000i\000m\000\040\000a\000n\000d\000\040\000O\000b\000j\000e\000c\000t\000i\000v\000e\000s\000\040\000o\000f\000\040\000t\000h\000e\000\040\000R\000e\000s\000e\000a\000r\000c\000h}{chapter.1}% 8
\BOOKMARK [1][-]{section.1.3}{\376\377\000S\000c\000i\000e\000n\000t\000i\000f\000i\000c\000\040\000N\000o\000v\000e\000l\000t\000y\000\040\000a\000n\000d\000\040\000P\000r\000a\000c\000t\000i\000c\000a\000l\000\040\000S\000i\000g\000n\000i\000f\000i\000c\000a\000n\000c\000e}{chapter.1}% 9
\BOOKMARK [1][-]{section.1.4}{\376\377\000T\000h\000e\000s\000i\000s\000\040\000S\000t\000r\000u\000c\000t\000u\000r\000e}{chapter.1}% 10
\BOOKMARK [0][-]{chapter.2}{\376\377\000L\000i\000t\000e\000r\000a\000t\000u\000r\000e\000\040\000R\000e\000v\000i\000e\000w}{}% 11
\BOOKMARK [1][-]{section.2.1}{\376\377\000S\000c\000o\000p\000e\000\040\000a\000n\000d\000\040\000O\000r\000g\000a\000n\000i\000s\000a\000t\000i\000o\000n}{chapter.2}% 12
\BOOKMARK [1][-]{section.2.2}{\376\377\000D\000a\000t\000a\000\040\000Q\000u\000a\000l\000i\000t\000y\000\040\000a\000n\000d\000\040\000F\000i\000t\000n\000e\000s\000s\000\040\000f\000o\000r\000\040\000U\000s\000e}{chapter.2}% 13
\BOOKMARK [1][-]{section.2.3}{\376\377\000A\000u\000t\000o\000m\000a\000t\000e\000d\000\040\000P\000r\000e\000p\000r\000o\000c\000e\000s\000s\000i\000n\000g\000\040\000a\000n\000d\000\040\000A\000u\000t\000o\000M\000L\000\040\000P\000i\000p\000e\000l\000i\000n\000e\000s}{chapter.2}% 14
\BOOKMARK [1][-]{section.2.4}{\376\377\000M\000i\000s\000s\000i\000n\000g\000\040\000D\000a\000t\000a\000,\000\040\000I\000m\000p\000u\000t\000a\000t\000i\000o\000n\000,\000\040\000a\000n\000d\000\040\000T\000r\000a\000f\000f\000i\000c\000\040\000S\000t\000r\000e\000a\000m\000s}{chapter.2}% 15
\BOOKMARK [1][-]{section.2.5}{\376\377\000F\000e\000a\000t\000u\000r\000e\000\040\000E\000n\000g\000i\000n\000e\000e\000r\000i\000n\000g\000\040\000a\000n\000d\000\040\000S\000p\000a\000t\000i\000o\000t\000e\000m\000p\000o\000r\000a\000l\000\040\000R\000e\000p\000r\000e\000s\000e\000n\000t\000a\000t\000i\000o\000n}{chapter.2}% 16
\BOOKMARK [1][-]{section.2.6}{\376\377\000F\000o\000r\000e\000c\000a\000s\000t\000i\000n\000g\000\040\000B\000a\000s\000e\000l\000i\000n\000e\000s\000\040\000a\000n\000d\000\040\000N\000e\000u\000r\000a\000l\000\040\000A\000r\000c\000h\000i\000t\000e\000c\000t\000u\000r\000e\000s}{chapter.2}% 17
\BOOKMARK [1][-]{section.2.7}{\376\377\000A\000n\000o\000m\000a\000l\000y\000\040\000D\000e\000t\000e\000c\000t\000i\000o\000n\000:\000\040\000C\000l\000a\000s\000s\000i\000c\000a\000l\000\040\000a\000n\000d\000\040\000D\000e\000e\000p}{chapter.2}% 18
\BOOKMARK [1][-]{section.2.8}{\376\377\000C\000l\000a\000s\000s\000i\000f\000i\000c\000a\000t\000i\000o\000n\000\040\000a\000n\000d\000\040\000T\000r\000e\000e\000\040\000E\000n\000s\000e\000m\000b\000l\000e\000s}{chapter.2}% 19
\BOOKMARK [1][-]{section.2.9}{\376\377\000I\000n\000t\000e\000l\000l\000i\000g\000e\000n\000t\000\040\000T\000r\000a\000n\000s\000p\000o\000r\000t\000a\000t\000i\000o\000n\000\040\000S\000y\000s\000t\000e\000m\000s\000\040\000a\000n\000d\000\040\000E\000v\000e\000n\000t\000-\000D\000r\000i\000v\000e\000n\000\040\000P\000l\000a\000t\000f\000o\000r\000m\000s}{chapter.2}% 20
\BOOKMARK [1][-]{section.2.10}{\376\377\000E\000x\000p\000l\000a\000i\000n\000a\000b\000i\000l\000i\000t\000y\000\040\000a\000n\000d\000\040\000O\000p\000e\000r\000a\000t\000o\000r\000\040\000T\000r\000u\000s\000t}{chapter.2}% 21
\BOOKMARK [1][-]{section.2.11}{\376\377\000M\000L\000O\000p\000s\000,\000\040\000R\000e\000g\000i\000s\000t\000r\000i\000e\000s\000,\000\040\000a\000n\000d\000\040\000R\000e\000p\000r\000o\000d\000u\000c\000i\000b\000i\000l\000i\000t\000y}{chapter.2}% 22
\BOOKMARK [1][-]{section.2.12}{\376\377\000C\000o\000m\000p\000a\000r\000a\000t\000i\000v\000e\000\040\000P\000o\000s\000i\000t\000i\000o\000n\000i\000n\000g}{chapter.2}% 23
\BOOKMARK [1][-]{section.2.13}{\376\377\000R\000e\000s\000e\000a\000r\000c\000h\000\040\000G\000a\000p\000\040\000a\000n\000d\000\040\000T\000h\000e\000s\000i\000s\000\040\000P\000o\000s\000i\000t\000i\000o\000n\000i\000n\000g}{chapter.2}% 24
\BOOKMARK [2][-]{subsection.2.13.1}{\376\377\000C\000o\000m\000p\000a\000r\000a\000b\000l\000e\000\040\000s\000y\000s\000t\000e\000m\000s}{section.2.13}% 25
\BOOKMARK [1][-]{section.2.14}{\376\377\000A\000u\000t\000o\000m\000a\000t\000e\000d\000\040\000M\000a\000c\000h\000i\000n\000e\000\040\000L\000e\000a\000r\000n\000i\000n\000g\000\040\000a\000n\000d\000\040\000P\000i\000p\000e\000l\000i\000n\000e\000\040\000S\000e\000a\000r\000c\000h}{chapter.2}% 26
\BOOKMARK [1][-]{section.2.15}{\376\377\000T\000r\000a\000f\000f\000i\000c\000\040\000F\000o\000r\000e\000c\000a\000s\000t\000i\000n\000g\000\040\000S\000u\000r\000v\000e\000y\000s\000\040\000a\000n\000d\000\040\000G\000r\000a\000p\000h\000\040\000M\000o\000d\000e\000l\000s}{chapter.2}% 27
\BOOKMARK [1][-]{section.2.16}{\376\377\000D\000i\000g\000i\000t\000a\000l\000\040\000T\000w\000i\000n\000s\000\040\000a\000n\000d\000\040\000S\000m\000a\000r\000t\000-\000C\000i\000t\000y\000\040\000O\000p\000e\000r\000a\000t\000i\000o\000n\000s}{chapter.2}% 28
\BOOKMARK [1][-]{section.2.17}{\376\377\000S\000y\000n\000t\000h\000e\000s\000i\000s\000:\000\040\000W\000h\000e\000r\000e\000\040\000F\000l\000o\000w\000m\000a\000t\000i\000c\000\040\000S\000i\000t\000s}{chapter.2}% 29
\BOOKMARK [0][-]{chapter.3}{\376\377\000M\000e\000t\000h\000o\000d\000o\000l\000o\000g\000y}{}% 30
\BOOKMARK [1][-]{section.3.1}{\376\377\000O\000v\000e\000r\000v\000i\000e\000w}{chapter.3}% 31
\BOOKMARK [1][-]{section.3.2}{\376\377\000R\000e\000s\000e\000a\000r\000c\000h\000\040\000D\000e\000s\000i\000g\000n}{chapter.3}% 32
\BOOKMARK [1][-]{section.3.3}{\376\377\000R\000e\000s\000e\000a\000r\000c\000h\000\040\000Q\000u\000e\000s\000t\000i\000o\000n\000s}{chapter.3}% 33
\BOOKMARK [1][-]{section.3.4}{\376\377\000E\000v\000a\000l\000u\000a\000t\000i\000o\000n\000\040\000S\000c\000o\000p\000e\000\040\000a\000n\000d\000\040\000V\000a\000l\000i\000d\000i\000t\000y}{chapter.3}% 34
\BOOKMARK [1][-]{section.3.5}{\376\377\000N\000o\000n\000-\000F\000u\000n\000c\000t\000i\000o\000n\000a\000l\000\040\000R\000e\000q\000u\000i\000r\000e\000m\000e\000n\000t\000s}{chapter.3}% 35
\BOOKMARK [1][-]{section.3.6}{\376\377\000D\000a\000t\000a\000\040\000Q\000u\000a\000l\000i\000t\000y\000\040\000A\000s\000s\000e\000s\000s\000m\000e\000n\000t}{chapter.3}% 36
\BOOKMARK [1][-]{section.3.7}{\376\377\000P\000r\000e\000p\000a\000r\000a\000t\000i\000o\000n\000\040\000a\000n\000d\000\040\000F\000e\000a\000t\000u\000r\000e\000\040\000W\000i\000n\000d\000o\000w\000s}{chapter.3}% 37
\BOOKMARK [1][-]{section.3.8}{\376\377\000A\000d\000a\000p\000t\000i\000v\000e\000\040\000C\000o\000r\000e\000\040\000U\000n\000i\000t\000\040\000a\000n\000d\000\040\000M\000o\000d\000e\000l\000\040\000R\000e\000g\000i\000s\000t\000r\000y}{chapter.3}% 38
\BOOKMARK [2][-]{subsection.3.8.1}{\376\377\000R\000e\000g\000i\000s\000t\000r\000y}{section.3.8}% 39
\BOOKMARK [2][-]{subsection.3.8.2}{\376\377\000R\000o\000u\000t\000i\000n\000g\000\040\000p\000o\000l\000i\000c\000y}{section.3.8}% 40
\BOOKMARK [1][-]{section.3.9}{\376\377\000N\000e\000u\000r\000a\000l\000\040\000T\000a\000s\000k\000\040\000F\000o\000r\000m\000u\000l\000a\000t\000i\000o\000n\000s}{chapter.3}% 41
\BOOKMARK [2][-]{subsection.3.9.1}{\376\377\000F\000o\000r\000e\000c\000a\000s\000t\000i\000n\000g\000\040\000\050\000P\000a\000t\000c\000h\000T\000S\000T\000,\000\040\000i\000T\000r\000a\000n\000s\000f\000o\000r\000m\000e\000r\000,\000\040\000D\000L\000i\000n\000e\000a\000r\000,\000\040\000T\000i\000m\000e\000s\000B\000l\000o\000c\000k\000,\000\040\000S\000T\000G\000C\000N\000\051}{section.3.9}% 42
\BOOKMARK [2][-]{subsection.3.9.2}{\376\377\000A\000n\000o\000m\000a\000l\000y\000\040\000d\000e\000t\000e\000c\000t\000i\000o\000n\000\040\000\050\000T\000r\000a\000n\000A\000D\000-\000s\000t\000y\000l\000e\000\040\000r\000e\000c\000o\000n\000s\000t\000r\000u\000c\000t\000i\000o\000n\000\051}{section.3.9}% 43
\BOOKMARK [2][-]{subsection.3.9.3}{\376\377\000I\000m\000p\000u\000t\000a\000t\000i\000o\000n\000\040\000\050\000S\000A\000I\000T\000S\000-\000s\000t\000y\000l\000e\000\040\000m\000a\000s\000k\000e\000d\000\040\000r\000e\000c\000o\000n\000s\000t\000r\000u\000c\000t\000i\000o\000n\000\051}{section.3.9}% 44
\BOOKMARK [2][-]{subsection.3.9.4}{\376\377\000S\000e\000v\000e\000r\000i\000t\000y\000\040\000c\000l\000a\000s\000s\000i\000f\000i\000c\000a\000t\000i\000o\000n\000\040\000\050\000T\000r\000a\000n\000s\000f\000o\000r\000m\000e\000r\000\040\000e\000n\000c\000o\000d\000e\000r\000\051}{section.3.9}% 45
\BOOKMARK [1][-]{section.3.10}{\376\377\000N\000e\000u\000r\000a\000l\000\040\000E\000v\000a\000l\000u\000a\000t\000i\000o\000n\000\040\000M\000e\000t\000h\000o\000d\000o\000l\000o\000g\000y}{chapter.3}% 46
\BOOKMARK [2][-]{subsection.3.10.1}{\376\377\000B\000a\000s\000e\000l\000i\000n\000e\000\040\000p\000r\000o\000t\000o\000c\000o\000l\000s}{section.3.10}% 47
\BOOKMARK [2][-]{subsection.3.10.2}{\376\377\000P\000r\000e\000p\000a\000r\000a\000t\000i\000o\000n\000\040\000s\000t\000r\000e\000s\000s\000\040\000p\000r\000o\000t\000o\000c\000o\000l}{section.3.10}% 48
\BOOKMARK [2][-]{subsection.3.10.3}{\376\377\000R\000o\000u\000t\000i\000n\000g\000\040\000e\000v\000a\000l\000u\000a\000t\000i\000o\000n\000\040\000p\000r\000o\000t\000o\000c\000o\000l}{section.3.10}% 49
\BOOKMARK [1][-]{section.3.11}{\376\377\000I\000n\000s\000i\000g\000h\000t\000\040\000E\000n\000g\000i\000n\000e\000\040\000a\000n\000d\000\040\000C\000o\000p\000i\000l\000o\000t}{chapter.3}% 50
\BOOKMARK [0][-]{chapter.4}{\376\377\000I\000m\000p\000l\000e\000m\000e\000n\000t\000a\000t\000i\000o\000n}{}% 51
\BOOKMARK [1][-]{section.4.1}{\376\377\000S\000y\000s\000t\000e\000m\000\040\000A\000r\000c\000h\000i\000t\000e\000c\000t\000u\000r\000e}{chapter.4}% 52
\BOOKMARK [1][-]{section.4.2}{\376\377\000B\000a\000t\000c\000h\000\040\000P\000r\000e\000p\000a\000r\000a\000t\000i\000o\000n\000\040\000M\000o\000d\000u\000l\000e}{chapter.4}% 53
\BOOKMARK [1][-]{section.4.3}{\376\377\000S\000m\000a\000r\000t\000\040\000C\000i\000t\000y\000\040\000M\000o\000d\000u\000l\000e}{chapter.4}% 54
\BOOKMARK [1][-]{section.4.4}{\376\377\000M\000o\000d\000e\000l\000\040\000I\000n\000f\000e\000r\000e\000n\000c\000e\000\040\000S\000e\000r\000v\000i\000c\000e}{chapter.4}% 55
\BOOKMARK [1][-]{section.4.5}{\376\377\000R\000e\000s\000e\000a\000r\000c\000h\000\040\000A\000r\000t\000i\000f\000a\000c\000t\000\040\000P\000i\000p\000e\000l\000i\000n\000e}{chapter.4}% 56
\BOOKMARK [1][-]{section.4.6}{\376\377\000U\000s\000e\000r\000\040\000I\000n\000t\000e\000r\000f\000a\000c\000e}{chapter.4}% 57
\BOOKMARK [1][-]{section.4.7}{\376\377\000I\000m\000p\000l\000e\000m\000e\000n\000t\000a\000t\000i\000o\000n\000\040\000S\000u\000m\000m\000a\000r\000y}{chapter.4}% 58
\BOOKMARK [0][-]{chapter.5}{\376\377\000R\000e\000s\000u\000l\000t\000s\000\040\000a\000n\000d\000\040\000D\000i\000s\000c\000u\000s\000s\000i\000o\000n}{}% 59
\BOOKMARK [1][-]{section.5.1}{\376\377\000O\000v\000e\000r\000v\000i\000e\000w\000\040\000a\000n\000d\000\040\000E\000v\000i\000d\000e\000n\000c\000e\000\040\000M\000a\000p}{chapter.5}% 60
\BOOKMARK [2][-]{subsection.5.1.1}{\376\377\000S\000c\000i\000e\000n\000t\000i\000f\000i\000c\000\040\000v\000e\000r\000s\000u\000s\000\040\000e\000n\000g\000i\000n\000e\000e\000r\000i\000n\000g\000\040\000c\000o\000n\000t\000r\000i\000b\000u\000t\000i\000o\000n\000s}{section.5.1}% 61
\BOOKMARK [1][-]{section.5.2}{\376\377\000E\000x\000p\000e\000r\000i\000m\000e\000n\000t\000a\000l\000\040\000P\000r\000o\000t\000o\000c\000o\000l}{chapter.5}% 62
\BOOKMARK [2][-]{subsection.5.2.1}{\376\377\000D\000a\000t\000a\000s\000e\000t\000s}{section.5.2}% 63
\BOOKMARK [2][-]{subsection.5.2.2}{\376\377\000H\000o\000l\000d\000-\000o\000u\000t\000\040\000v\000a\000l\000i\000d\000a\000t\000i\000o\000n\000\040\000a\000n\000d\000\040\000m\000u\000l\000t\000i\000-\000s\000e\000e\000d\000\040\000r\000e\000p\000o\000r\000t\000i\000n\000g}{section.5.2}% 64
\BOOKMARK [1][-]{section.5.3}{\376\377\000P\000r\000e\000p\000a\000r\000a\000t\000i\000o\000n\000\040\000a\000n\000d\000\040\000Q\000u\000a\000l\000i\000t\000y\000\040\000O\000u\000t\000c\000o\000m\000e\000s\000\040\000\050\000R\000Q\0001\000\051}{chapter.5}% 65
\BOOKMARK [2][-]{subsection.5.3.1}{\376\377\000C\000l\000e\000a\000n\000\040\000b\000a\000t\000c\000h\000\040\000u\000p\000l\000o\000a\000d}{section.5.3}% 66
\BOOKMARK [2][-]{subsection.5.3.2}{\376\377\000C\000o\000r\000r\000u\000p\000t\000i\000o\000n\000\040\000s\000t\000r\000e\000s\000s\000\040\000t\000e\000s\000t}{section.5.3}% 67
\BOOKMARK [1][-]{section.5.4}{\376\377\000P\000l\000a\000t\000f\000o\000r\000m\000\040\000C\000a\000s\000e\000\040\000S\000t\000u\000d\000i\000e\000s\000\040\000\050\000R\000Q\0002\000\051}{chapter.5}% 68
\BOOKMARK [2][-]{subsection.5.4.1}{\376\377\000B\000a\000t\000c\000h\000\040\000p\000a\000t\000h}{section.5.4}% 69
\BOOKMARK [2][-]{subsection.5.4.2}{\376\377\000L\000i\000v\000e\000\040\000s\000m\000a\000r\000t\000-\000c\000i\000t\000y\000\040\000w\000o\000r\000k\000b\000e\000n\000c\000h}{section.5.4}% 70
\BOOKMARK [1][-]{section.5.5}{\376\377\000B\000a\000s\000e\000l\000i\000n\000e\000s\000\040\000a\000n\000d\000\040\000N\000e\000u\000r\000a\000l\000\040\000P\000o\000r\000t\000f\000o\000l\000i\000o\000\040\000\050\000R\000Q\0003\000\051}{chapter.5}% 71
\BOOKMARK [2][-]{subsection.5.5.1}{\376\377\000R\000e\000f\000e\000r\000e\000n\000c\000e\000\040\000b\000a\000s\000e\000l\000i\000n\000e\000s}{section.5.5}% 72
\BOOKMARK [2][-]{subsection.5.5.2}{\376\377\000C\000l\000a\000s\000s\000i\000f\000i\000c\000a\000t\000i\000o\000n\000\040\000b\000a\000s\000e\000l\000i\000n\000e\000s}{section.5.5}% 73
\BOOKMARK [2][-]{subsection.5.5.3}{\376\377\000M\000u\000l\000t\000i\000-\000s\000e\000e\000d\000\040\000t\000e\000s\000t\000\040\000p\000e\000r\000f\000o\000r\000m\000a\000n\000c\000e}{section.5.5}% 74
\BOOKMARK [1][-]{section.5.6}{\376\377\000A\000b\000l\000a\000t\000i\000o\000n\000s\000\040\000a\000n\000d\000\040\000G\000e\000n\000e\000r\000a\000l\000i\000s\000a\000t\000i\000o\000n}{chapter.5}% 75
\BOOKMARK [2][-]{subsection.5.6.1}{\376\377\000P\000r\000e\000p\000a\000r\000a\000t\000i\000o\000n\000\040\000v\000e\000r\000s\000u\000s\000\040\000d\000o\000w\000n\000s\000t\000r\000e\000a\000m\000\040\000f\000o\000r\000e\000c\000a\000s\000t\000i\000n\000g}{section.5.6}% 76
\BOOKMARK [2][-]{subsection.5.6.2}{\376\377\000T\000r\000a\000n\000A\000D\000\040\000d\000e\000t\000e\000c\000t\000i\000o\000n\000\040\000m\000e\000t\000r\000i\000c\000s}{section.5.6}% 77
\BOOKMARK [2][-]{subsection.5.6.3}{\376\377\000i\000T\000r\000a\000n\000s\000f\000o\000r\000m\000e\000r\000\040\000s\000p\000e\000e\000d\000\040\000s\000l\000o\000t}{section.5.6}% 78
\BOOKMARK [2][-]{subsection.5.6.4}{\376\377\000S\000e\000q\000u\000e\000n\000c\000e\000\040\000l\000e\000n\000g\000t\000h}{section.5.6}% 79
\BOOKMARK [2][-]{subsection.5.6.5}{\376\377\000C\000r\000o\000s\000s\000-\000d\000a\000t\000a\000s\000e\000t\000\040\000t\000r\000a\000n\000s\000f\000e\000r}{section.5.6}% 80
\BOOKMARK [2][-]{subsection.5.6.6}{\376\377\000S\000t\000r\000e\000a\000m\000i\000n\000g\000\040\000i\000n\000f\000e\000r\000e\000n\000c\000e\000\040\000l\000a\000t\000e\000n\000c\000y}{section.5.6}% 81
\BOOKMARK [1][-]{section.5.7}{\376\377\000R\000o\000u\000t\000i\000n\000g\000\040\000E\000v\000a\000l\000u\000a\000t\000i\000o\000n\000\040\000\050\000R\000Q\0004\000\051}{chapter.5}% 82
\BOOKMARK [1][-]{section.5.8}{\376\377\000D\000i\000s\000c\000u\000s\000s\000i\000o\000n}{chapter.5}% 83
\BOOKMARK [2][-]{subsection.5.8.1}{\376\377\000I\000n\000t\000e\000r\000p\000r\000e\000t\000a\000t\000i\000o\000n\000\040\000o\000f\000\040\000p\000r\000e\000p\000a\000r\000a\000t\000i\000o\000n\000\040\000r\000e\000s\000u\000l\000t\000s}{section.5.8}% 84
\BOOKMARK [2][-]{subsection.5.8.2}{\376\377\000I\000n\000t\000e\000r\000p\000r\000e\000t\000a\000t\000i\000o\000n\000\040\000o\000f\000\040\000n\000e\000u\000r\000a\000l\000\040\000r\000e\000s\000u\000l\000t\000s}{section.5.8}% 85
\BOOKMARK [2][-]{subsection.5.8.3}{\376\377\000I\000n\000t\000e\000r\000p\000r\000e\000t\000a\000t\000i\000o\000n\000\040\000o\000f\000\040\000r\000o\000u\000t\000i\000n\000g\000\040\000r\000e\000s\000u\000l\000t\000s}{section.5.8}% 86
\BOOKMARK [2][-]{subsection.5.8.4}{\376\377\000S\000c\000o\000p\000e\000\040\000o\000f\000\040\000v\000a\000l\000i\000d\000a\000t\000i\000o\000n\000\040\000a\000n\000d\000\040\000i\000n\000t\000e\000r\000p\000r\000e\000t\000a\000t\000i\000o\000n\000\040\000o\000f\000\040\000m\000e\000t\000r\000i\000c\000s}{section.5.8}% 87
\BOOKMARK [2][-]{subsection.5.8.5}{\376\377\000R\000e\000p\000r\000o\000d\000u\000c\000i\000b\000i\000l\000i\000t\000y}{section.5.8}% 88
\BOOKMARK [2][-]{subsection.5.8.6}{\376\377\000T\000h\000r\000e\000a\000t\000s\000\040\000t\000o\000\040\000v\000a\000l\000i\000d\000i\000t\000y}{section.5.8}% 89
\BOOKMARK [2][-]{subsection.5.8.7}{\376\377\000A\000n\000o\000m\000a\000l\000y\000\040\000d\000e\000t\000e\000c\000t\000i\000o\000n\000\040\000a\000n\000d\000\040\000e\000x\000p\000l\000a\000i\000n\000a\000b\000i\000l\000i\000t\000y}{section.5.8}% 90
\BOOKMARK [1][-]{section.5.9}{\376\377\000R\000e\000s\000e\000a\000r\000c\000h\000\040\000Q\000u\000e\000s\000t\000i\000o\000n\000\040\000O\000u\000t\000c\000o\000m\000e\000s}{chapter.5}% 91
\BOOKMARK [0][-]{chapter.6}{\376\377\000C\000o\000n\000c\000l\000u\000s\000i\000o\000n\000\040\000a\000n\000d\000\040\000F\000u\000t\000u\000r\000e\000\040\000D\000i\000r\000e\000c\000t\000i\000o\000n\000s}{}% 92
\BOOKMARK [1][-]{section.6.1}{\376\377\000S\000u\000m\000m\000a\000r\000y\000\040\000o\000f\000\040\000C\000o\000n\000t\000r\000i\000b\000u\000t\000i\000o\000n\000s}{chapter.6}% 93
\BOOKMARK [1][-]{section.6.2}{\376\377\000K\000e\000y\000\040\000F\000i\000n\000d\000i\000n\000g\000s\000\040\000b\000y\000\040\000R\000e\000s\000e\000a\000r\000c\000h\000\040\000Q\000u\000e\000s\000t\000i\000o\000n}{chapter.6}% 94
\BOOKMARK [1][-]{section.6.3}{\376\377\000L\000i\000m\000i\000t\000a\000t\000i\000o\000n\000s}{chapter.6}% 95
\BOOKMARK [1][-]{section.6.4}{\376\377\000F\000u\000t\000u\000r\000e\000\040\000W\000o\000r\000k}{chapter.6}% 96
\BOOKMARK [1][-]{section.6.5}{\376\377\000C\000o\000n\000c\000l\000u\000d\000i\000n\000g\000\040\000R\000e\000m\000a\000r\000k\000s}{chapter.6}% 97
\BOOKMARK [0][-]{chapter.A}{\376\377\000A\000u\000t\000h\000o\000r\000'\000s\000\040\000P\000r\000i\000o\000r\000\040\000P\000u\000b\000l\000i\000c\000a\000t\000i\000o\000n\000s}{}% 98
\BOOKMARK [0][-]{chapter.B}{\376\377\000R\000e\000p\000r\000o\000d\000u\000c\000i\000b\000i\000l\000i\000t\000y}{}% 99
\BOOKMARK [1][-]{section.B.1}{\376\377\000R\000e\000p\000o\000s\000i\000t\000o\000r\000y\000\040\000L\000a\000y\000o\000u\000t}{chapter.B}% 100
\BOOKMARK [1][-]{section.B.2}{\376\377\000N\000e\000u\000r\000a\000l\000\040\000E\000v\000a\000l\000u\000a\000t\000i\000o\000n}{chapter.B}% 101
\BOOKMARK [1][-]{section.B.3}{\376\377\000P\000u\000b\000l\000i\000s\000h\000e\000d\000\040\000A\000r\000t\000i\000f\000a\000c\000t\000s}{chapter.B}% 102
\BOOKMARK [1][-]{section.B.4}{\376\377\000E\000n\000v\000i\000r\000o\000n\000m\000e\000n\000t}{chapter.B}% 103
\BOOKMARK [1][-]{section.B.5}{\376\377\000G\000r\000a\000p\000h\000\040\000A\000d\000j\000a\000c\000e\000n\000c\000y\000\040\000f\000o\000r\000\040\000S\000T\000G\000C\000N}{chapter.B}% 104
\BOOKMARK [1][-]{section.B.6}{\376\377\000E\000t\000h\000i\000c\000s\000\040\000a\000n\000d\000\040\000D\000a\000t\000a\000\040\000H\000a\000n\000d\000l\000i\000n\000g}{chapter.B}% 105
\BOOKMARK [0][-]{chapter.C}{\376\377\000A\000s\000t\000a\000n\000a\000\040\000S\000e\000m\000i\000-\000S\000y\000n\000t\000h\000e\000t\000i\000c\000\040\000D\000a\000t\000a\000s\000e\000t}{}% 106
\BOOKMARK [1][-]{section.C.1}{\376\377\000P\000r\000o\000v\000e\000n\000a\000n\000c\000e}{chapter.C}% 107
\BOOKMARK [1][-]{section.C.2}{\376\377\000S\000c\000h\000e\000m\000a}{chapter.C}% 108
\BOOKMARK [1][-]{section.C.3}{\376\377\000G\000e\000n\000e\000r\000a\000t\000i\000o\000n\000\040\000r\000u\000l\000e\000s\000\040\000\050\000s\000u\000m\000m\000a\000r\000y\000\051}{chapter.C}% 109
\BOOKMARK [1][-]{section.C.4}{\376\377\000O\000t\000h\000e\000r\000\040\000d\000a\000t\000a\000s\000e\000t\000s}{chapter.C}% 110
\BOOKMARK [0][-]{chapter*.50}{\376\377\000B\000i\000b\000l\000i\000o\000g\000r\000a\000p\000h\000y}{}% 111
